MPLINK 5.09, LINKER
Linker Map File - Created Fri Oct 18 01:27:56 2019

                                 Section Info
                  Section       Type    Address   Location Size(Bytes)
                ---------  ---------  ---------  ---------  ---------
                 RES_VECT       code   0x000000    program   0x000002
                   .cinit    romdata   0x000001    program   0x000004
                MAIN_PROG       code   0x000003    program   0x000028
.config_2007_BUILD/DEFAULT/PRODUCTION/PRACTIC       code   0x002007    program   0x000002
.config_2008_BUILD/DEFAULT/PRODUCTION/PRACTIC       code   0x002008    program   0x000002



                              Program Memory Usage 
                               Start         End      
                           ---------   ---------      
                            0x000000    0x000016      
                            0x002007    0x002008      
            25 out of 8455 program addresses used, program memory utilization is 0%



                              Symbols - Sorted by Name
                     Name    Address   Location    Storage File                     
                ---------  ---------  ---------  --------- ---------                
                   INICIO   0x000012    program     static C:\Users\Aftak\MPLABXProjects\Practica2.X\Practica2.asm
                    START   0x000003    program     static C:\Users\Aftak\MPLABXProjects\Practica2.X\Practica2.asm
                     SUMA   0x000015    program     static C:\Users\Aftak\MPLABXProjects\Practica2.X\Practica2.asm



                              Symbols - Sorted by Address
                     Name    Address   Location    Storage File                     
                ---------  ---------  ---------  --------- ---------                
                    START   0x000003    program     static C:\Users\Aftak\MPLABXProjects\Practica2.X\Practica2.asm
                   INICIO   0x000012    program     static C:\Users\Aftak\MPLABXProjects\Practica2.X\Practica2.asm
                     SUMA   0x000015    program     static C:\Users\Aftak\MPLABXProjects\Practica2.X\Practica2.asm


